C51 COMPILER V9.60.7.0   A14_ULTRASOUND                                                    11/30/2023 20:59:20 PAGE 1   


C51 COMPILER V9.60.7.0, COMPILATION OF MODULE A14_ULTRASOUND
OBJECT MODULE PLACED IN .\Objects\A14_ultrasound.obj
COMPILER INVOKED BY: D:\keilC51\C51\BIN\C51.EXE Driver\A14_ultrasound.c LARGE OPTIMIZE(8,SPEED) BROWSE INCDIR(.\User;.\S
                    -ystem) DEBUG OBJECTEXTEND PRINT(.\Listings\A14_ultrasound.lst) TABS(2) OBJECT(.\Objects\A14_ultrasound.obj)

line level    source

   1          #include "global.h"                  // Device heade
   2          
   3          void Ultrasound_Init(void) {
   4   1        GPIO_InitTypeDef GPIO_InitStructure;
   5   1        
   6   1      
   7   1        GPIO_InitStructure.GPIO_Pin = Ultrasound_TRIG_PIN;
   8   1        GPIO_InitStructure.GPIO_Mode = GPIO_OUT_PP;
   9   1        GPIO_Init(Ultrasound_TRIG_PORT, &GPIO_InitStructure);
  10   1        
  11   1        GPIO_InitStructure.GPIO_Pin = Ultrasound_ECHO_PIN;
  12   1        GPIO_InitStructure.GPIO_Mode = GPIO_HighZ;
  13   1        GPIO_Init(Ultrasound_ECHO_PORT, &GPIO_InitStructure);
  14   1      }
  15          
  16          void Ultrasound_PCA_SoftTimer_Init(void) {
  17   1        PCA_InitTypeDef PCA_InitStructure;
  18   1        
  19   1        PCA_InitStructure.PCA_Clock = PCA_Clock_12T;
  20   1        PCA_InitStructure.PCA_Mode = PCA_Mode_SoftTimer;
  21   1        PCA_InitStructure.PCA_Interrupt_Mode = DISABLE; 
  22   1        PCA_Init(PCA0, &PCA_InitStructure);
  23   1      }
  24          /**
  25            * @brief  获取超声波测距距离
  26            * @param  None
  27            * @retval 返回距离CM，-1 没到测距周期，-2 未检测到超声波，-3 测距超时
  28            */
  29          float Get_DistanceValue(void) {
  30   1        static uint32_t oldticks;
  31   1        uint16_t ticks = time_GetTicks();
  32   1        uint16_t t_microsecond;
  33   1        char xdata disBuf[16];/*显存*/
  34   1        float t_distance = 0;
  35   1        
  36   1        if (ticks - oldticks < 100) return -1;
  37   1        oldticks = ticks;
  38   1      //  OLED_ShowString(1, 1, "                ");/*clear screen*/
  39   1        GPIO_SetBits(Ultrasound_TRIG_PORT, Ultrasound_TRIG_PIN);/*发送触发信号*/
  40   1        DelayMs(1);
  41   1        GPIO_ResetBits(Ultrasound_TRIG_PORT, Ultrasound_TRIG_PIN);
  42   1        while (!GPIO_ReadInputDataBit(Ultrasound_ECHO_PORT, Ultrasound_ECHO_PIN)) {
  43   2          ticks = time_GetTicks();
  44   2          if (ticks - oldticks > 100) {
  45   3      //      printf("Ultrasonic module not recognized!!!\r\n");
  46   3      //      OLED_ShowString(1, 1, "not connected");
  47   3            oldticks = ticks;
  48   3            return -2;
  49   3          } 
  50   2        }/*等待Echo信号的高电平*/
  51   1          
  52   1        CH = 0;
  53   1        CL = 0;
  54   1        CR = 1;
C51 COMPILER V9.60.7.0   A14_ULTRASOUND                                                    11/30/2023 20:59:20 PAGE 2   

  55   1        while (GPIO_ReadInputDataBit(Ultrasound_ECHO_PORT, Ultrasound_ECHO_PIN)) {
  56   2          ticks = time_GetTicks();
  57   2          if (ticks - oldticks > 100) {
  58   3      //      printf("Ultrasonic ranging timeout!!!\r\n");
  59   3      //      OLED_ShowString(1, 1, "timeout");
  60   3            oldticks = ticks;
  61   3            return -3;
  62   3          } 
  63   2        }/*等待Echo信号的低电平*/
  64   1        t_microsecond = CH;
  65   1        t_microsecond <<= 8;
  66   1        t_microsecond |= CL;
  67   1        CH = 0;
  68   1        CL = 0;
  69   1        CR = 0;
  70   1        /*距离计算：程序设定PCA以系统时钟的12分频进行计数
  71   1        在不考虑温度的情况下超声波传输速度为每微秒0.034厘米
  72   1        */
  73   1        t_distance = (t_microsecond * ((float)1000000 / (CFG_SYSFREQ / 12) * 0.034)) / 2;
  74   1        sprintf(disBuf, "%0.1fCM", t_distance);
  75   1        OLED_ShowString(1, 1, disBuf);
  76   1      //  printf("Distance:%0.2fCM \r\nMicrosecond:%d\r\n", t_distance, t_microsecond);
  77   1        return t_distance;
  78   1      }
  79          


MODULE INFORMATION:   STATIC OVERLAYABLE
   CODE SIZE        =    473    ----
   CONSTANT SIZE    =      8    ----
   XDATA SIZE       =      4      32
   PDATA SIZE       =   ----    ----
   DATA SIZE        =   ----    ----
   IDATA SIZE       =   ----    ----
   BIT SIZE         =   ----    ----
END OF MODULE INFORMATION.


C51 COMPILATION COMPLETE.  0 WARNING(S),  0 ERROR(S)
