C51 COMPILER V9.60.7.0   A14_KEY                                                           11/30/2023 20:59:20 PAGE 1   


C51 COMPILER V9.60.7.0, COMPILATION OF MODULE A14_KEY
OBJECT MODULE PLACED IN .\Objects\A14_key.obj
COMPILER INVOKED BY: D:\keilC51\C51\BIN\C51.EXE Driver\A14_key.c LARGE OPTIMIZE(8,SPEED) BROWSE INCDIR(.\User;.\System) 
                    -DEBUG OBJECTEXTEND PRINT(.\Listings\A14_key.lst) TABS(2) OBJECT(.\Objects\A14_key.obj)

line level    source

   1          #include "global.h"                  // Device heade
   2          
   3          void Key_GPIO_Init(void) {
   4   1        GPIO_InitTypeDef GPIO_InitStructure;
   5   1        
   6   1        GPIO_InitStructure.GPIO_Pin = KEY_PIN;
   7   1        GPIO_InitStructure.GPIO_Mode = GPIO_HighZ;
   8   1        GPIO_Init(KEY_PORT, &GPIO_InitStructure);
   9   1        
  10   1      }
  11          
  12          uint8_t ScanKeyCode(void) {
  13   1        if(GPIO_ReadInputDataBit(KEY_PORT, KEY_PIN) == 0) return KEY_SET;
  14   1        return KEY_NONE;
  15   1      }
  16            
  17          
  18          
  19          


MODULE INFORMATION:   STATIC OVERLAYABLE
   CODE SIZE        =     37    ----
   CONSTANT SIZE    =   ----    ----
   XDATA SIZE       =   ----       2
   PDATA SIZE       =   ----    ----
   DATA SIZE        =   ----    ----
   IDATA SIZE       =   ----    ----
   BIT SIZE         =   ----    ----
END OF MODULE INFORMATION.


C51 COMPILATION COMPLETE.  0 WARNING(S),  0 ERROR(S)
