C51 COMPILER V9.60.7.0   A14_AVOID                                                         12/20/2023 11:03:57 PAGE 1   


C51 COMPILER V9.60.7.0, COMPILATION OF MODULE A14_AVOID
OBJECT MODULE PLACED IN .\Objects\A14_avoid.obj
COMPILER INVOKED BY: C:\Keil_v5\C51\BIN\C51.EXE Driver\A14_avoid.c LARGE OPTIMIZE(8,SPEED) BROWSE INCDIR(.\User;.\System
                    -) DEBUG OBJECTEXTEND PRINT(.\Listings\A14_avoid.lst) TABS(2) OBJECT(.\Objects\A14_avoid.obj)

line level    source

   1          #include "global.h"
   2          
   3          void IR_Avoid_GPIO_Init(void) {
   4   1          GPIO_InitTypeDef GPIO_InitStructure;
   5   1      
   6   1          GPIO_InitStructure.GPIO_Pin = IR_Avoid_S5_PIN;
   7   1          GPIO_InitStructure.GPIO_Mode = GPIO_HighZ;
   8   1          GPIO_Init(IR_Avoid_S5_PORT, &GPIO_InitStructure);
   9   1      
  10   1          GPIO_InitStructure.GPIO_Pin = IR_Avoid_S6_PIN;
  11   1          GPIO_InitStructure.GPIO_Mode = GPIO_HighZ;
  12   1          GPIO_Init(IR_Avoid_S6_PORT, &GPIO_InitStructure);
  13   1      }
  14          
  15          void Get_AvoidSensor_State(uint16_t *p_S5, uint16_t *p_S6) {
  16   1          *p_S5 = GPIO_ReadInputDataBit(IR_Avoid_S5_PORT, IR_Avoid_S5_PIN);
  17   1          *p_S6 = GPIO_ReadInputDataBit(IR_Avoid_S6_PORT, IR_Avoid_S6_PIN);
  18   1      }
  19          


MODULE INFORMATION:   STATIC OVERLAYABLE
   CODE SIZE        =    109    ----
   CONSTANT SIZE    =   ----    ----
   XDATA SIZE       =   ----       8
   PDATA SIZE       =   ----    ----
   DATA SIZE        =   ----    ----
   IDATA SIZE       =   ----    ----
   BIT SIZE         =   ----    ----
END OF MODULE INFORMATION.


C51 COMPILATION COMPLETE.  0 WARNING(S),  0 ERROR(S)
