C51 COMPILER V9.60.7.0   MAIN                                                              12/20/2023 11:03:56 PAGE 1   


C51 COMPILER V9.60.7.0, COMPILATION OF MODULE MAIN
OBJECT MODULE PLACED IN .\Objects\main.obj
COMPILER INVOKED BY: C:\Keil_v5\C51\BIN\C51.EXE User\main.c LARGE OPTIMIZE(8,SPEED) BROWSE INCDIR(.\User;.\System) DEBUG
                    - OBJECTEXTEND PRINT(.\Listings\main.lst) TABS(2) OBJECT(.\Objects\main.obj)

line level    source

   1          #include "global.h"
   2          #include "track_test.h"
   3          void System_Init(void) {
   4   1          SysTick_Init();
   5   1          DelayMs(1);
   6   1          Motor_PWM_Init();
   7   1          OLED_Init();
   8   1          Usart1_Init(9600);
   9   1          Buzzer_GPIO_Init();
  10   1          OLED_ShowString(1, 1, "Init......");
  11   1          // IR_Track_GPIO_Init();
  12   1          // IR_Avoid_GPIO_Init();
  13   1          // Ultrasound_Init();
  14   1          // Ultrasound_PCA_SoftTimer_Init();
  15   1          DelayMs(100);
  16   1      }
  17          
  18          void main(void) {
  19   1          // uint16_t LLL = 0, RRR = 0;
  20   1          // float dis = 0.0;
  21   1          char xdata oled_buf[16] = {0};
  22   1          System_Init();
  23   1          DelayMs(1000);
  24   1          OLED_Clear();
  25   1          /*//∑‰√˘∆˜≤‚ ‘
  26   1          DelayMs(1000);
  27   1          Buzzer_TurnOn(1);
  28   1          OLED_ShowString(4, 1, "buzzING");
  29   1          DelayMs(1000);
  30   1          Buzzer_TurnOn(0);
  31   1          OLED_Clear();
  32   1          OLED_ShowString(4, 1, "Nop");*/
  33   1      
  34   1          /*//OLED≤‚ ‘
  35   1          OLED_Clear();
  36   1          OLED_ShowString(1, 1, oled_buf);
  37   1          OLED_ShowString(2, 1, "1234567890123456");
  38   1          OLED_ShowString(3, 1, "A");
  39   1          OLED_ShowString(4, 16, "a");*/
  40   1      
  41   1          //—≠º£≤‚ ‘
  42   1          while (1) {
  43   2              // get_action_old();
  44   2              get_action();
  45   2              // get_action_single();
  46   2          }
  47   1      
  48   1          /*// ±‹’œ≤‚ ‘
  49   1          while (1) {
  50   1              Get_AvoidSensor_State(&LLL, &RRR);
  51   1              sprintf(oled_buf, "%d", LLL);
  52   1              OLED_ShowString(1, 1, "L:");
  53   1              OLED_ShowString(1, 3, oled_buf);
  54   1              sprintf(oled_buf, "%d", RRR);
C51 COMPILER V9.60.7.0   MAIN                                                              12/20/2023 11:03:56 PAGE 2   

  55   1              OLED_ShowString(1, 14, "R:");
  56   1              OLED_ShowString(1, 16, oled_buf);
  57   1              DelayMs(50);
  58   1          }*/
  59   1      
  60   1      
  61   1          /*//≥¨…˘≤®≤‚ ‘
  62   1          while (1) {
  63   1              //œ‘ æµΩOLED
  64   1              dis = Get_DistanceValue();
  65   1              sprintf(oled_buf, "%0.1fCM", dis);
  66   1              OLED_ShowString(1, 1, oled_buf);
  67   1              DelayMs(1000);
  68   1          }*/
  69   1      
  70   1      }


MODULE INFORMATION:   STATIC OVERLAYABLE
   CODE SIZE        =   1173    ----
   CONSTANT SIZE    =     50    ----
   XDATA SIZE       =   ----      40
   PDATA SIZE       =   ----    ----
   DATA SIZE        =   ----    ----
   IDATA SIZE       =   ----    ----
   BIT SIZE         =   ----    ----
END OF MODULE INFORMATION.


C51 COMPILATION COMPLETE.  0 WARNING(S),  0 ERROR(S)
